08:25:17    info    [export lifecycle][render] snapshot: v2State=BOOTING v2ExportId=null v2SnapshotId=null v2SessionId=null v2ExportProgress=null v2ExportOutputPath=null replaySaving=false status=idle saveControlsDisabled=false startBufferDisabled=true bigButtonDisabled=false recordingState=ready recordingLabel="Ready"
08:25:17    info    [export lifecycle][render] snapshot: v2State=BOOTING v2ExportId=null v2SnapshotId=null v2SessionId=null v2ExportProgress=null v2ExportOutputPath=null replaySaving=false status=idle saveControlsDisabled=false startBufferDisabled=true bigButtonDisabled=false recordingState=ready recordingLabel="Ready"
08:25:17    info    ffmpeg n8.1.1 · encoders: h264_nvenc, hevc_nvenc, av1_nvenc, h264_amf, hevc_amf, h264_qsv…
08:25:17    info    Wayland session — pick the source in the system screen-share dialog (one prompt per recording).
08:25:17    info    [export lifecycle][render] snapshot: v2State=RECOVERY_AVAILABLE v2ExportId=null v2SnapshotId=null v2SessionId=null v2ExportProgress=null v2ExportOutputPath=null replaySaving=false status=idle saveControlsDisabled=false startBufferDisabled=true bigButtonDisabled=false recordingState=ready recordingLabel="Ready"
08:27:16    info    recovery.discardedAll count=67
08:27:17    info    [export lifecycle][render] snapshot: v2State=IDLE v2ExportId=null v2SnapshotId=null v2SessionId=null v2ExportProgress=null v2ExportOutputPath=null replaySaving=false status=idle saveControlsDisabled=false startBufferDisabled=false bigButtonDisabled=false recordingState=ready recordingLabel="Ready"
08:27:21    info    [export lifecycle][render] snapshot: v2State=IDLE v2ExportId=null v2SnapshotId=null v2SessionId=null v2ExportProgress=null v2ExportOutputPath=null replaySaving=false status=idle saveControlsDisabled=false startBufferDisabled=true bigButtonDisabled=true recordingState=ready recordingLabel="Ready"
08:27:23    info    [export lifecycle][render] snapshot: v2State=RECORDING v2ExportId=null v2SnapshotId=null v2SessionId=pw-session-0000-1363428-1779550043702 v2ExportProgress=null v2ExportOutputPath=null replaySaving=false status=idle saveControlsDisabled=false startBufferDisabled=true bigButtonDisabled=true recordingState=ready recordingLabel="Ready"
08:28:05    info    [export lifecycle][render] v2SaveReplay start (hotkey): v2State=RECORDING v2SnapshotId=null v2ExportId=null
08:28:05    info    [export lifecycle][render] snapshot: v2State=SAVING v2ExportId=null v2SnapshotId=null v2SessionId=pw-session-0000-1363428-1779550043702 v2ExportProgress=null v2ExportOutputPath=null replaySaving=false status=idle saveControlsDisabled=true startBufferDisabled=true bigButtonDisabled=true recordingState=ready recordingLabel="Ready"
08:28:06    info    [export lifecycle] _startExport RPC call: snapshotId=snap-1779550085612579549-0000 v2State=EXPORTING
08:28:06    info    [export lifecycle][render] snapshot: v2State=EXPORTING v2ExportId=null v2SnapshotId=snap-1779550085612579549-0000 v2SessionId=pw-session-0000-1363428-1779550043702 v2ExportProgress=null v2ExportOutputPath=null replaySaving=false status=idle saveControlsDisabled=true startBufferDisabled=true bigButtonDisabled=true recordingState=ready recordingLabel="Ready"
08:28:06    info    [export lifecycle][render] v2SaveReplay finally (hotkey): v2State=EXPORTING v2ExportId=null v2SnapshotId=snap-1779550085612579549-0000
08:28:06    info    [export lifecycle] _startExport RPC result: export_id=exp-1779550086634403769-0001 v2State=EXPORTING v2SnapshotId=snap-1779550085612579549-0000
08:28:06    info    [export lifecycle][render] snapshot: v2State=EXPORTING v2ExportId=exp-1779550086634403769-0001 v2SnapshotId=snap-1779550085612579549-0000 v2SessionId=pw-session-0000-1363428-1779550043702 v2ExportProgress=null v2ExportOutputPath=null replaySaving=false status=idle saveControlsDisabled=true startBufferDisabled=true bigButtonDisabled=true recordingState=ready recordingLabel="Ready"
08:28:06    info    [export lifecycle][render] snapshot: v2State=EXPORTING v2ExportId=exp-1779550086634403769-0001 v2SnapshotId=snap-1779550085612579549-0000 v2SessionId=pw-session-0000-1363428-1779550043702 v2ExportProgress=99.99996185302734 v2ExportOutputPath=null replaySaving=false status=idle saveControlsDisabled=true startBufferDisabled=true bigButtonDisabled=true recordingState=ready recordingLabel="Ready"
08:28:10    info    [export lifecycle] export.completed received: export_id=exp-1779550086634403769-0001 final_path=/run/user/1000/cove-screen-recorder/exports/exp-1779550086634403769-0001.mp4 v2State=EXPORTING v2ExportId=exp-1779550086634403769-0001
08:28:10    info    [export lifecycle] export.completed post-transition: v2State=RECORDING
08:28:10    info    [export lifecycle][render] snapshot: v2State=RECORDING v2ExportId=null v2SnapshotId=snap-1779550085612579549-0000 v2SessionId=pw-session-0000-1363428-1779550043702 v2ExportProgress=null v2ExportOutputPath=/run/user/1000/cove-screen-recorder/exports/exp-1779550086634403769-0001.mp4 replaySaving=false status=idle saveControlsDisabled=false startBufferDisabled=true bigButtonDisabled=true recordingState=ready recordingLabel="Ready"
08:28:10    info    [export lifecycle][render] snapshot: v2State=RECORDING v2ExportId=null v2SnapshotId=null v2SessionId=pw-session-0000-1363428-1779550043702 v2ExportProgress=null v2ExportOutputPath=/run/user/1000/cove-screen-recorder/exports/exp-1779550086634403769-0001.mp4 replaySaving=false status=idle saveControlsDisabled=false startBufferDisabled=true bigButtonDisabled=true recordingState=ready recordingLabel="Ready"
08:28:10    info    [export lifecycle] snapshot release success: id=snap-1779550085612579549-0000 attempt=0
08:28:41    info    [export lifecycle][render] snapshot: v2State=IDLE v2ExportId=null v2SnapshotId=null v2SessionId=null v2ExportProgress=null v2ExportOutputPath=/run/user/1000/cove-screen-recorder/exports/exp-1779550086634403769-0001.mp4 replaySaving=false status=idle saveControlsDisabled=false startBufferDisabled=false bigButtonDisabled=false recordingState=ready recordingLabel="Ready"
